// Jest Snapshot v1, https://goo.gl/fbAQLP

exports[`App component should match the App component snapshot 1`] = `
<div
  className="container"
>
  <Connect(withRouter(NavigationBar)) />
</div>
`;
